Traceback (most recent call last):
  File "/Users/abhisheksingh/DEsktop/Yahoo_Finance_Stock/.venv/lib/python3.12/site-packages/sqlalchemy/engine/base.py", line 144, in __init__
    self._dbapi_connection = engine.raw_connection()
                             ^^^^^^^^^^^^^^^^^^^^^^^
  File "/Users/abhisheksingh/DEsktop/Yahoo_Finance_Stock/.venv/lib/python3.12/site-packages/sqlalchemy/engine/base.py", line 3319, in raw_connection
    return self.pool.connect()
           ^^^^^^^^^^^^^^^^^^^
  File "/Users/abhisheksingh/DEsktop/Yahoo_Finance_Stock/.venv/lib/python3.12/site-packages/sqlalchemy/pool/base.py", line 448, in connect
    return _ConnectionFairy._checkout(self)
           ^^^^^^^^^^^^^^^^^^^^^^^^^^^^^^^^
  File "/Users/abhisheksingh/DEsktop/Yahoo_Finance_Stock/.venv/lib/python3.12/site-packages/sqlalchemy/pool/base.py", line 1290, in _checkout
    fairy = _ConnectionRecord.checkout(pool)
            ^^^^^^^^^^^^^^^^^^^^^^^^^^^^^^^^
  File "/Users/abhisheksingh/DEsktop/Yahoo_Finance_Stock/.venv/lib/python3.12/site-packages/sqlalchemy/pool/base.py", line 712, in checkout
    rec = pool._do_get()
          ^^^^^^^^^^^^^^
  File "/Users/abhisheksingh/DEsktop/Yahoo_Finance_Stock/.venv/lib/python3.12/site-packages/sqlalchemy/pool/impl.py", line 178, in _do_get
    with util.safe_reraise():
         ^^^^^^^^^^^^^^^^^^^
  File "/Users/abhisheksingh/DEsktop/Yahoo_Finance_Stock/.venv/lib/python3.12/site-packages/sqlalchemy/util/langhelpers.py", line 122, in __exit__
    raise exc_value.with_traceback(exc_tb)
  File "/Users/abhisheksingh/DEsktop/Yahoo_Finance_Stock/.venv/lib/python3.12/site-packages/sqlalchemy/pool/impl.py", line 176, in _do_get
    return self._create_connection()
           ^^^^^^^^^^^^^^^^^^^^^^^^^
  File "/Users/abhisheksingh/DEsktop/Yahoo_Finance_Stock/.venv/lib/python3.12/site-packages/sqlalchemy/pool/base.py", line 389, in _create_connection
    return _ConnectionRecord(self)
           ^^^^^^^^^^^^^^^^^^^^^^^
  File "/Users/abhisheksingh/DEsktop/Yahoo_Finance_Stock/.venv/lib/python3.12/site-packages/sqlalchemy/pool/base.py", line 674, in __init__
    self.__connect()
  File "/Users/abhisheksingh/DEsktop/Yahoo_Finance_Stock/.venv/lib/python3.12/site-packages/sqlalchemy/pool/base.py", line 923, in __connect
    with util.safe_reraise():
         ^^^^^^^^^^^^^^^^^^^
  File "/Users/abhisheksingh/DEsktop/Yahoo_Finance_Stock/.venv/lib/python3.12/site-packages/sqlalchemy/util/langhelpers.py", line 122, in __exit__
    raise exc_value.with_traceback(exc_tb)
  File "/Users/abhisheksingh/DEsktop/Yahoo_Finance_Stock/.venv/lib/python3.12/site-packages/sqlalchemy/pool/base.py", line 915, in __connect
    )._exec_w_sync_on_first_run(self.dbapi_connection, self)
      ^^^^^^^^^^^^^^^^^^^^^^^^^^^^^^^^^^^^^^^^^^^^^^^^^^^^^^
  File "/Users/abhisheksingh/DEsktop/Yahoo_Finance_Stock/.venv/lib/python3.12/site-packages/sqlalchemy/event/attr.py", line 502, in _exec_w_sync_on_first_run
    self(*args, **kw)
  File "/Users/abhisheksingh/DEsktop/Yahoo_Finance_Stock/.venv/lib/python3.12/site-packages/sqlalchemy/event/attr.py", line 516, in __call__
    fn(*args, **kw)
  File "/Users/abhisheksingh/DEsktop/Yahoo_Finance_Stock/.venv/lib/python3.12/site-packages/airflow/utils/orm_event_handlers.py", line 50, in set_sqlite_pragma
    cursor.execute("PRAGMA journal_mode=WAL")
sqlite3.OperationalError: locking protocol

The above exception was the direct cause of the following exception:

Traceback (most recent call last):
  File "/Users/abhisheksingh/DEsktop/Yahoo_Finance_Stock/.venv/bin/airflow", line 6, in <module>
    sys.exit(main())
             ^^^^^^
  File "/Users/abhisheksingh/DEsktop/Yahoo_Finance_Stock/.venv/lib/python3.12/site-packages/airflow/__main__.py", line 61, in main
    args.func(args)
  File "/Users/abhisheksingh/DEsktop/Yahoo_Finance_Stock/.venv/lib/python3.12/site-packages/airflow/cli/cli_config.py", line 49, in command
    return func(*args, **kwargs)
           ^^^^^^^^^^^^^^^^^^^^^
  File "/Users/abhisheksingh/DEsktop/Yahoo_Finance_Stock/.venv/lib/python3.12/site-packages/airflow/utils/cli.py", line 113, in wrapper
    return f(*args, **kwargs)
           ^^^^^^^^^^^^^^^^^^
  File "/Users/abhisheksingh/DEsktop/Yahoo_Finance_Stock/.venv/lib/python3.12/site-packages/airflow/utils/providers_configuration_loader.py", line 54, in wrapped_function
    return func(*args, **kwargs)
           ^^^^^^^^^^^^^^^^^^^^^
  File "/Users/abhisheksingh/DEsktop/Yahoo_Finance_Stock/.venv/lib/python3.12/site-packages/airflow/cli/commands/triggerer_command.py", line 110, in triggerer
    run_command_with_daemon_option(
  File "/Users/abhisheksingh/DEsktop/Yahoo_Finance_Stock/.venv/lib/python3.12/site-packages/airflow/cli/commands/daemon_utils.py", line 77, in run_command_with_daemon_option
    callback()
  File "/Users/abhisheksingh/DEsktop/Yahoo_Finance_Stock/.venv/lib/python3.12/site-packages/airflow/cli/commands/triggerer_command.py", line 113, in <lambda>
    callback=lambda: triggerer_run(
                     ^^^^^^^^^^^^^^
  File "/Users/abhisheksingh/DEsktop/Yahoo_Finance_Stock/.venv/lib/python3.12/site-packages/airflow/utils/memray_utils.py", line 61, in wrapper
    return func(*args, **kwargs)
           ^^^^^^^^^^^^^^^^^^^^^
  File "/Users/abhisheksingh/DEsktop/Yahoo_Finance_Stock/.venv/lib/python3.12/site-packages/airflow/cli/commands/triggerer_command.py", line 67, in triggerer_run
    run_job(job=triggerer_job_runner.job, execute_callable=triggerer_job_runner._execute)
  File "/Users/abhisheksingh/DEsktop/Yahoo_Finance_Stock/.venv/lib/python3.12/site-packages/airflow/utils/session.py", line 100, in wrapper
    return func(*args, session=session, **kwargs)  # type: ignore[arg-type]
           ^^^^^^^^^^^^^^^^^^^^^^^^^^^^^^^^^^^^^^
  File "/Users/abhisheksingh/DEsktop/Yahoo_Finance_Stock/.venv/lib/python3.12/site-packages/airflow/jobs/job.py", line 351, in run_job
    job.prepare_for_execution(session=session)
  File "/Users/abhisheksingh/DEsktop/Yahoo_Finance_Stock/.venv/lib/python3.12/site-packages/airflow/utils/session.py", line 98, in wrapper
    return func(*args, **kwargs)
           ^^^^^^^^^^^^^^^^^^^^^
  File "/Users/abhisheksingh/DEsktop/Yahoo_Finance_Stock/.venv/lib/python3.12/site-packages/airflow/jobs/job.py", line 273, in prepare_for_execution
    session.commit()
  File "/Users/abhisheksingh/DEsktop/Yahoo_Finance_Stock/.venv/lib/python3.12/site-packages/sqlalchemy/orm/session.py", line 2035, in commit
    trans.commit(_to_root=True)
  File "<string>", line 2, in commit
  File "/Users/abhisheksingh/DEsktop/Yahoo_Finance_Stock/.venv/lib/python3.12/site-packages/sqlalchemy/orm/state_changes.py", line 137, in _go
    ret_value = fn(self, *arg, **kw)
                ^^^^^^^^^^^^^^^^^^^^
  File "/Users/abhisheksingh/DEsktop/Yahoo_Finance_Stock/.venv/lib/python3.12/site-packages/sqlalchemy/orm/session.py", line 1316, in commit
    self._prepare_impl()
  File "<string>", line 2, in _prepare_impl
  File "/Users/abhisheksingh/DEsktop/Yahoo_Finance_Stock/.venv/lib/python3.12/site-packages/sqlalchemy/orm/state_changes.py", line 137, in _go
    ret_value = fn(self, *arg, **kw)
                ^^^^^^^^^^^^^^^^^^^^
  File "/Users/abhisheksingh/DEsktop/Yahoo_Finance_Stock/.venv/lib/python3.12/site-packages/sqlalchemy/orm/session.py", line 1290, in _prepare_impl
    self.session.flush()
  File "/Users/abhisheksingh/DEsktop/Yahoo_Finance_Stock/.venv/lib/python3.12/site-packages/sqlalchemy/orm/session.py", line 4353, in flush
    self._flush(objects)
  File "/Users/abhisheksingh/DEsktop/Yahoo_Finance_Stock/.venv/lib/python3.12/site-packages/sqlalchemy/orm/session.py", line 4488, in _flush
    with util.safe_reraise():
         ^^^^^^^^^^^^^^^^^^^
  File "/Users/abhisheksingh/DEsktop/Yahoo_Finance_Stock/.venv/lib/python3.12/site-packages/sqlalchemy/util/langhelpers.py", line 122, in __exit__
    raise exc_value.with_traceback(exc_tb)
  File "/Users/abhisheksingh/DEsktop/Yahoo_Finance_Stock/.venv/lib/python3.12/site-packages/sqlalchemy/orm/session.py", line 4449, in _flush
    flush_context.execute()
  File "/Users/abhisheksingh/DEsktop/Yahoo_Finance_Stock/.venv/lib/python3.12/site-packages/sqlalchemy/orm/unitofwork.py", line 465, in execute
    rec.execute(self)
  File "/Users/abhisheksingh/DEsktop/Yahoo_Finance_Stock/.venv/lib/python3.12/site-packages/sqlalchemy/orm/unitofwork.py", line 641, in execute
    util.preloaded.orm_persistence.save_obj(
  File "/Users/abhisheksingh/DEsktop/Yahoo_Finance_Stock/.venv/lib/python3.12/site-packages/sqlalchemy/orm/persistence.py", line 69, in save_obj
    ) in _organize_states_for_save(base_mapper, states, uowtransaction):
         ^^^^^^^^^^^^^^^^^^^^^^^^^^^^^^^^^^^^^^^^^^^^^^^^^^^^^^^^^^^^^^
  File "/Users/abhisheksingh/DEsktop/Yahoo_Finance_Stock/.venv/lib/python3.12/site-packages/sqlalchemy/orm/persistence.py", line 224, in _organize_states_for_save
    for state, dict_, mapper, connection in _connections_for_states(
                                            ^^^^^^^^^^^^^^^^^^^^^^^^
  File "/Users/abhisheksingh/DEsktop/Yahoo_Finance_Stock/.venv/lib/python3.12/site-packages/sqlalchemy/orm/persistence.py", line 1760, in _connections_for_states
    connection = uowtransaction.transaction.connection(base_mapper)
                 ^^^^^^^^^^^^^^^^^^^^^^^^^^^^^^^^^^^^^^^^^^^^^^^^^^
  File "<string>", line 2, in connection
  File "/Users/abhisheksingh/DEsktop/Yahoo_Finance_Stock/.venv/lib/python3.12/site-packages/sqlalchemy/orm/state_changes.py", line 137, in _go
    ret_value = fn(self, *arg, **kw)
                ^^^^^^^^^^^^^^^^^^^^
  File "/Users/abhisheksingh/DEsktop/Yahoo_Finance_Stock/.venv/lib/python3.12/site-packages/sqlalchemy/orm/session.py", line 1041, in connection
    return self._connection_for_bind(bind, execution_options)
           ^^^^^^^^^^^^^^^^^^^^^^^^^^^^^^^^^^^^^^^^^^^^^^^^^^
  File "<string>", line 2, in _connection_for_bind
  File "/Users/abhisheksingh/DEsktop/Yahoo_Finance_Stock/.venv/lib/python3.12/site-packages/sqlalchemy/orm/state_changes.py", line 137, in _go
    ret_value = fn(self, *arg, **kw)
                ^^^^^^^^^^^^^^^^^^^^
  File "/Users/abhisheksingh/DEsktop/Yahoo_Finance_Stock/.venv/lib/python3.12/site-packages/sqlalchemy/orm/session.py", line 1177, in _connection_for_bind
    conn = self._parent._connection_for_bind(
           ^^^^^^^^^^^^^^^^^^^^^^^^^^^^^^^^^^
  File "<string>", line 2, in _connection_for_bind
  File "/Users/abhisheksingh/DEsktop/Yahoo_Finance_Stock/.venv/lib/python3.12/site-packages/sqlalchemy/orm/state_changes.py", line 137, in _go
    ret_value = fn(self, *arg, **kw)
                ^^^^^^^^^^^^^^^^^^^^
  File "/Users/abhisheksingh/DEsktop/Yahoo_Finance_Stock/.venv/lib/python3.12/site-packages/sqlalchemy/orm/session.py", line 1191, in _connection_for_bind
    conn = bind.connect()
           ^^^^^^^^^^^^^^
  File "/Users/abhisheksingh/DEsktop/Yahoo_Finance_Stock/.venv/lib/python3.12/site-packages/sqlalchemy/engine/base.py", line 3295, in connect
    return self._connection_cls(self)
           ^^^^^^^^^^^^^^^^^^^^^^^^^^
  File "/Users/abhisheksingh/DEsktop/Yahoo_Finance_Stock/.venv/lib/python3.12/site-packages/sqlalchemy/engine/base.py", line 146, in __init__
    Connection._handle_dbapi_exception_noconnection(
  File "/Users/abhisheksingh/DEsktop/Yahoo_Finance_Stock/.venv/lib/python3.12/site-packages/sqlalchemy/engine/base.py", line 2450, in _handle_dbapi_exception_noconnection
    raise sqlalchemy_exception.with_traceback(exc_info[2]) from e
  File "/Users/abhisheksingh/DEsktop/Yahoo_Finance_Stock/.venv/lib/python3.12/site-packages/sqlalchemy/engine/base.py", line 144, in __init__
    self._dbapi_connection = engine.raw_connection()
                             ^^^^^^^^^^^^^^^^^^^^^^^
  File "/Users/abhisheksingh/DEsktop/Yahoo_Finance_Stock/.venv/lib/python3.12/site-packages/sqlalchemy/engine/base.py", line 3319, in raw_connection
    return self.pool.connect()
           ^^^^^^^^^^^^^^^^^^^
  File "/Users/abhisheksingh/DEsktop/Yahoo_Finance_Stock/.venv/lib/python3.12/site-packages/sqlalchemy/pool/base.py", line 448, in connect
    return _ConnectionFairy._checkout(self)
           ^^^^^^^^^^^^^^^^^^^^^^^^^^^^^^^^
  File "/Users/abhisheksingh/DEsktop/Yahoo_Finance_Stock/.venv/lib/python3.12/site-packages/sqlalchemy/pool/base.py", line 1290, in _checkout
    fairy = _ConnectionRecord.checkout(pool)
            ^^^^^^^^^^^^^^^^^^^^^^^^^^^^^^^^
  File "/Users/abhisheksingh/DEsktop/Yahoo_Finance_Stock/.venv/lib/python3.12/site-packages/sqlalchemy/pool/base.py", line 712, in checkout
    rec = pool._do_get()
          ^^^^^^^^^^^^^^
  File "/Users/abhisheksingh/DEsktop/Yahoo_Finance_Stock/.venv/lib/python3.12/site-packages/sqlalchemy/pool/impl.py", line 178, in _do_get
    with util.safe_reraise():
         ^^^^^^^^^^^^^^^^^^^
  File "/Users/abhisheksingh/DEsktop/Yahoo_Finance_Stock/.venv/lib/python3.12/site-packages/sqlalchemy/util/langhelpers.py", line 122, in __exit__
    raise exc_value.with_traceback(exc_tb)
  File "/Users/abhisheksingh/DEsktop/Yahoo_Finance_Stock/.venv/lib/python3.12/site-packages/sqlalchemy/pool/impl.py", line 176, in _do_get
    return self._create_connection()
           ^^^^^^^^^^^^^^^^^^^^^^^^^
  File "/Users/abhisheksingh/DEsktop/Yahoo_Finance_Stock/.venv/lib/python3.12/site-packages/sqlalchemy/pool/base.py", line 389, in _create_connection
    return _ConnectionRecord(self)
           ^^^^^^^^^^^^^^^^^^^^^^^
  File "/Users/abhisheksingh/DEsktop/Yahoo_Finance_Stock/.venv/lib/python3.12/site-packages/sqlalchemy/pool/base.py", line 674, in __init__
    self.__connect()
  File "/Users/abhisheksingh/DEsktop/Yahoo_Finance_Stock/.venv/lib/python3.12/site-packages/sqlalchemy/pool/base.py", line 923, in __connect
    with util.safe_reraise():
         ^^^^^^^^^^^^^^^^^^^
  File "/Users/abhisheksingh/DEsktop/Yahoo_Finance_Stock/.venv/lib/python3.12/site-packages/sqlalchemy/util/langhelpers.py", line 122, in __exit__
    raise exc_value.with_traceback(exc_tb)
  File "/Users/abhisheksingh/DEsktop/Yahoo_Finance_Stock/.venv/lib/python3.12/site-packages/sqlalchemy/pool/base.py", line 915, in __connect
    )._exec_w_sync_on_first_run(self.dbapi_connection, self)
      ^^^^^^^^^^^^^^^^^^^^^^^^^^^^^^^^^^^^^^^^^^^^^^^^^^^^^^
  File "/Users/abhisheksingh/DEsktop/Yahoo_Finance_Stock/.venv/lib/python3.12/site-packages/sqlalchemy/event/attr.py", line 502, in _exec_w_sync_on_first_run
    self(*args, **kw)
  File "/Users/abhisheksingh/DEsktop/Yahoo_Finance_Stock/.venv/lib/python3.12/site-packages/sqlalchemy/event/attr.py", line 516, in __call__
    fn(*args, **kw)
  File "/Users/abhisheksingh/DEsktop/Yahoo_Finance_Stock/.venv/lib/python3.12/site-packages/airflow/utils/orm_event_handlers.py", line 50, in set_sqlite_pragma
    cursor.execute("PRAGMA journal_mode=WAL")
sqlalchemy.exc.OperationalError: (sqlite3.OperationalError) locking protocol
(Background on this error at: https://sqlalche.me/e/20/e3q8)
Exception ignored in: <function ResourceTracker.__del__ at 0x117aceb60>
Traceback (most recent call last):
  File "/Users/abhisheksingh/.local/share/uv/python/cpython-3.12.13-macos-x86_64-none/lib/python3.12/multiprocessing/resource_tracker.py", line 77, in __del__
  File "/Users/abhisheksingh/.local/share/uv/python/cpython-3.12.13-macos-x86_64-none/lib/python3.12/multiprocessing/resource_tracker.py", line 86, in _stop
  File "/Users/abhisheksingh/.local/share/uv/python/cpython-3.12.13-macos-x86_64-none/lib/python3.12/multiprocessing/resource_tracker.py", line 108, in _stop_locked
OSError: [Errno 9] Bad file descriptor
